// Jest Snapshot v1, https://goo.gl/fbAQLP

exports[`<BackArrow /> should match the snapshot 1`] = `
<View
  accessibilityState={
    {
      "busy": undefined,
      "checked": undefined,
      "disabled": undefined,
      "expanded": undefined,
      "selected": undefined,
    }
  }
  accessibilityValue={
    {
      "max": undefined,
      "min": undefined,
      "now": undefined,
      "text": undefined,
    }
  }
  accessible={true}
  collapsable={false}
  focusable={true}
  hitSlop={
    {
      "bottom": 30,
      "left": 30,
      "right": 30,
      "top": 30,
    }
  }
  onClick={[Function]}
  onResponderGrant={[Function]}
  onResponderMove={[Function]}
  onResponderRelease={[Function]}
  onResponderTerminate={[Function]}
  onResponderTerminationRequest={[Function]}
  onStartShouldSetResponder={[Function]}
  style={
    {
      "opacity": 1,
    }
  }
  testID="back-arrow-button"
>
  <Image
    source={1}
    style={
      {
        "height": 23,
        "tintColor": "rgb(255, 94, 0)",
        "width": 18,
      }
    }
    testID="back-arrow-icon"
  />
</View>
`;
